python : Creating test database for alias 'default'...
発生場所 行:1 文字:1
+ python manage.py test tasks > test_output.txt 2>&1
+ ~~~~~~~~~~~~~~~~~~~~~~~~~~~~~~~~~~~~~~~~~~~~~~~~~~
    + CategoryInfo          : NotSpecified: (Creating test d...as 'default'...:String) [], RemoteEx 
   ception
    + FullyQualifiedErrorId : NativeCommandError
 

...............
----------------------------------------------------------------------
Ran 15 tests in 23.029s

OK
Destroying test database for alias 'default'...

Found 15 test(s).
System check identified no issues (0 silenced).
